// Jest Snapshot v1, https://goo.gl/fbAQLP

exports[`Card should render correctly 1`] = `
<article
  className="jsx-1656035587"
>
  <img
    alt=""
    className="jsx-1656035587"
    src="url-to-image"
  />
  <h2
    className="jsx-1656035587"
  >
    test
  </h2>
  <p
    className="jsx-1656035587"
  >
    this is a test
  </p>
  <label
    className="jsx-1656035587 tag release-date"
  >
    Release Date - 
    today
  </label>
  <small
    className="jsx-1656035587 tag popularity"
  >
    Popularity - 
    10
     / 10 
    👍👍
     
  </small>
</article>
`;
