// Jest Snapshot v1, https://goo.gl/fbAQLP

exports[`SearchResults should render a list of results 1`] = `
<ul
  className="jsx-455658503"
>
  <li
    className="jsx-455658503"
  >
    <article
      className="jsx-127806560"
    >
      <img
        alt=""
        className="jsx-127806560"
        src="image-url-1"
      />
      <h2
        className="jsx-127806560"
      >
        title-1
      </h2>
      <p
        className="jsx-127806560"
      >
        overview-1
      </p>
      <label
        className="jsx-127806560 tag release-date"
      >
        Release Date - 
        release-date-1
      </label>
      <small
        className="jsx-127806560 tag popularity"
      >
        Popularity - 
        1
         / 10 
        👎
         
      </small>
    </article>
  </li>
  <li
    className="jsx-455658503"
  >
    <article
      className="jsx-127806560"
    >
      <img
        alt=""
        className="jsx-127806560"
        src="image-url-2"
      />
      <h2
        className="jsx-127806560"
      >
        title-2
      </h2>
      <p
        className="jsx-127806560"
      >
        overview-2
      </p>
      <label
        className="jsx-127806560 tag release-date"
      >
        Release Date - 
        release-date-2
      </label>
      <small
        className="jsx-127806560 tag popularity"
      >
        Popularity - 
        2
         / 10 
        👎
         
      </small>
    </article>
  </li>
  <li
    className="jsx-455658503"
  >
    <article
      className="jsx-127806560"
    >
      <img
        alt=""
        className="jsx-127806560"
        src="image-url-3"
      />
      <h2
        className="jsx-127806560"
      >
        title-3
      </h2>
      <p
        className="jsx-127806560"
      >
        overview-3
      </p>
      <label
        className="jsx-127806560 tag release-date"
      >
        Release Date - 
        release-date-3
      </label>
      <small
        className="jsx-127806560 tag popularity"
      >
        Popularity - 
        3
         / 10 
        👎
         
      </small>
    </article>
  </li>
</ul>
`;

exports[`SearchResults should render null if no results 1`] = `null`;
